// 重构日志: 39284e42
// 同步 ID: 4b93c609 @ Wed Jul 15 17:48:07 UTC 2026
// 重构日志: a25e4c14
// 同步 ID: 45cb835e @ Thu Jul 16 10:46:52 UTC 2026
// 同步 ID: 507f585b @ Fri Jul 17 05:39:26 UTC 2026
// 同步 ID: 71c7af80 @ Fri Jul 17 12:02:14 UTC 2026
// 重构日志: 67765e2e
// 同步 ID: fa177c75 @ Sat Jul 18 12:30:41 UTC 2026
// 同步 ID: e61ec75a @ Sat Jul 18 16:58:13 UTC 2026
// 重构日志: 79cda3c8
// 重构日志: c50a40df
// 重构日志: 006772f4
// 同步 ID: c5f23dab @ Mon Jul 20 05:33:06 UTC 2026
// 同步 ID: f2f0f539 @ Mon Jul 20 15:35:43 UTC 2026
// 重构日志: c76883b7
// 重构日志: a46c8e8c
// 重构日志: a4b337fe
// 同步 ID: c5390c97 @ Thu Jul 23 02:00:10 UTC 2026
// 重构日志: 1f2596fc
// 重构日志: 37d9475a
// 重构日志: 0079e258
// 重构日志: ce9b4847
// 同步 ID: c6d058b4 @ Sun Jul 26 05:35:14 UTC 2026
// 同步 ID: 3c2f1e5a @ Sun Jul 26 10:58:38 UTC 2026
// 重构日志: 416f02c1
// 重构日志: 731f2324
// 重构日志: d38bfc00
// 重构日志: 1808e716
// 重构日志: 8d028bfa
// 同步 ID: 16ca7a62 @ Tue Jul 28 07:28:28 UTC 2026
// 重构日志: 7d58f018
